// Jest Snapshot v1, https://goo.gl/fbAQLP

exports[`renders app 1`] = `
<div
  className="App"
>
  <div
    className="Testimonials"
  >
    <div
      className="Header"
    >
      <div
        className="Header-logo"
      >
        <div
          className="Header-logo-icon"
        />
        <div
          className="Header-logo-text"
        />
      </div>
      <div
        className="Header-dashboard-text"
      >
        Dashboard
      </div>
      <div
        className="Header-dashboard-icon"
      >
        <img
          alt="dashboard symbol"
          src="dashboard.svg"
        />
      </div>
      <div
        className="Header-nav"
      >
        <div
          className="Header-tracks"
        >
          <div
            className="Header-tracks-icon"
          />
          <div
            className="Header-tracks-text"
          >
            Tracks
          </div>
        </div>
        <div
          className="Header-mentoring"
        >
          <div
            className="Header-mentoring-icon"
          />
          <div
            className="Header-mentoring-text"
          >
            Mentoring
          </div>
        </div>
        <div
          className="Header-contribute"
        >
          <div
            className="Header-contribute-icon"
          />
          <div
            className="Header-contribute-text"
          >
            Contribute
          </div>
        </div>
      </div>
      <div
        className="Header-message-icon"
      />
      <div
        className="Header-message-red-dot"
      />
      <div
        className="Header-hexagon-icon"
      />
      <div
        className="Header-hexagon-red-dot"
      />
      <div
        className="Header-notification-icon"
      >
        <img
          alt="alarm bell symbol"
          src="alarm-bell.svg"
        />
      </div>
      <div
        className="Header-notification-badge"
      />
      <div
        className="Header-lvl"
      >
        <div
          className="Header-lvl-icon"
        />
        <div
          className="Header-lvl-text"
        >
          300K
        </div>
      </div>
      <div
        className="Header-lvl-red-dot"
      />
      <div
        className="Header-profile-img"
      />
      <div
        className="Header-menu-icon"
      />
      <div
        className="Header-line"
      />
    </div>
    <div
      className="Title"
    >
      <div
        className="Title-icon"
      />
      <div
        className="Title-wrapper"
      >
        <h2
          className="Title-text"
        >
          Testimonials I've left
        </h2>
        <span
          className="Title-track-counts"
        >
          200
        </span>
      </div>
      <div
        className="Title-vector"
      >
        <img
          alt="vector"
          src="vector.svg"
        />
      </div>
    </div>
    <main
      className="Main"
    >
      <div
        className="Menu"
      >
        <div
          className="Menu-logo"
        />
        <button
          className="Menu-button"
          onClick={[Function]}
        />
        <div
          className="Menu-filter"
        >
          <div
            className="Menu-search-icon"
          />
          <input
            className="Menu-filter-input"
            onKeyDown={[Function]}
            placeholder="Filter by exercise title"
            type="text"
          />
        </div>
        <div
          className="Menu-sort"
          onClick={[Function]}
        >
          <div
            className="Menu-sort-input"
          >
            Sort by Oldest
          </div>
          <div
            className="Menu-sort-icon"
          />
        </div>
      </div>
      <div
        className="Loading"
      >
        <div
          className="Loading-icon"
        >
          <svg
            fill="none"
            height="64"
            viewBox="0 0 64 64"
            width="64"
            xmlns="http://www.w3.org/2000/svg"
          >
            <path
              className="fade1"
              d="M15.504 11.3413L20.208 17.8133"
              stroke="#5C5589"
              strokeLinecap="round"
              strokeLinejoin="round"
              strokeWidth={2.5}
            />
            <path
              className="fade2"
              d="M5.33337 25.3413L12.9414 27.8133"
              stroke="#5C5589"
              strokeLinecap="round"
              strokeLinejoin="round"
              strokeWidth={2.5}
            />
            <path
              className="fade3"
              d="M5.33337 42.6453L12.9414 40.1733"
              stroke="#5C5589"
              strokeLinecap="round"
              strokeLinejoin="round"
              strokeWidth={2.5}
            />
            <path
              className="fade4"
              d="M15.504 56.6453L20.208 50.1733"
              stroke="#5C5589"
              strokeLinecap="round"
              strokeLinejoin="round"
              strokeWidth={2.5}
            />
            <path
              className="fade5"
              d="M31.9626 61.992V53.992"
              stroke="#5C5589"
              strokeLinecap="round"
              strokeLinejoin="round"
              strokeWidth={2.5}
            />
            <path
              className="fade6"
              d="M48.4214 56.6453L43.7174 50.1733"
              stroke="#5C5589"
              strokeLinecap="round"
              strokeLinejoin="round"
              strokeWidth={2.5}
            />
            <path
              className="fade7"
              d="M58.592 42.6453L50.984 40.1733"
              stroke="#5C5589"
              strokeLinecap="round"
              strokeLinejoin="round"
              strokeWidth={2.5}
            />
            <path
              className="fade8"
              d="M58.592 25.3413L50.984 27.8133"
              stroke="#5C5589"
              strokeLinecap="round"
              strokeLinejoin="round"
              strokeWidth={2.5}
            />
            <path
              className="fade9"
              d="M48.4214 11.3413L43.7174 17.8133"
              stroke="#5C5589"
              strokeLinecap="round"
              strokeLinejoin="round"
              strokeWidth={2.5}
            />
            <path
              className="fade10"
              d="M31.9626 1.992V17.992"
              stroke="#5C5589"
              strokeLinecap="round"
              strokeLinejoin="round"
              strokeWidth={2.5}
            />
          </svg>
        </div>
      </div>
      <div
        className="Main-blank-loading"
      />
      <div
        className="Pagination"
      >
        <button
          className="Pagination-prev Pagination-page"
          disabled={true}
          id={0}
          onClick={[Function]}
        >
          <div
            className="Pagination-arrow-left"
          />
          previous
        </button>
        <button
          className="Pagination-next Pagination-page"
          id={2}
          onClick={[Function]}
        >
          next
          <div
            className="Pagination-arrow-right"
          />
        </button>
      </div>
    </main>
    <div
      className="Testimonials-line"
    />
  </div>
</div>
`;
